#-----------------------------------------------------------
# Vivado v2019.1 (64-bit)
# SW Build 2552052 on Fri May 24 14:49:42 MDT 2019
# IP Build 2548770 on Fri May 24 18:01:18 MDT 2019
# Start of session at: Tue Jun 24 16:01:27 2025
# Process ID: 5960
# Current directory: C:/Users/XPC/Desktop/TallerDigitales/Lab4/cpu2/pipeline
# Command line: vivado.exe -gui_launcher_event rodinguilauncherevent20208 C:\Users\XPC\Desktop\TallerDigitales\Lab4\cpu2\pipeline\pipeline.xpr
# Log file: C:/Users/XPC/Desktop/TallerDigitales/Lab4/cpu2/pipeline/vivado.log
# Journal file: C:/Users/XPC/Desktop/TallerDigitales/Lab4/cpu2/pipeline\vivado.jou
#-----------------------------------------------------------
start_gui
open_project C:/Users/XPC/Desktop/TallerDigitales/Lab4/cpu2/pipeline/pipeline.xpr
update_compile_order -fileset sources_1
launch_simulation
source cpu_tb.tcl
close_sim
launch_simulation
source cpu_tb.tcl
close_sim
launch_simulation
source cpu_tb.tcl
launch_runs synth_1 -jobs 6
wait_on_run synth_1
close_sim
launch_simulation
source cpu_tb.tcl
save_wave_config {C:/Users/XPC/Desktop/TallerDigitales/Lab4/cpu2/pipeline/cpu_tb_behav.wcfg}
add_files -fileset sim_1 -norecurse C:/Users/XPC/Desktop/TallerDigitales/Lab4/cpu2/pipeline/cpu_tb_behav.wcfg
set_property xsim.view C:/Users/XPC/Desktop/TallerDigitales/Lab4/cpu2/pipeline/cpu_tb_behav.wcfg [get_filesets sim_1]
close_sim
launch_simulation
open_wave_config C:/Users/XPC/Desktop/TallerDigitales/Lab4/cpu2/pipeline/cpu_tb_behav.wcfg
source cpu_tb.tcl
close_sim
launch_simulation
open_wave_config C:/Users/XPC/Desktop/TallerDigitales/Lab4/cpu2/pipeline/cpu_tb_behav.wcfg
source cpu_tb.tcl
reset_run synth_1
launch_runs synth_1 -jobs 6
wait_on_run synth_1
reset_simulation -simset sim_1 -mode post-synthesis -type timing
reset_simulation -simset sim_1 -mode post-synthesis -type timing
launch_simulation -mode post-synthesis -type timing
close_sim
