#-----------------------------------------------------------
# Vivado v2019.1 (64-bit)
# SW Build 2552052 on Fri May 24 14:49:42 MDT 2019
# IP Build 2548770 on Fri May 24 18:01:18 MDT 2019
# Start of session at: Mon Jun 23 14:23:28 2025
# Process ID: 14728
# Current directory: C:/Users/XPC/Desktop/TallerDigitales/Lab4/cpu2/pipeline
# Command line: vivado.exe -gui_launcher_event rodinguilauncherevent30660 C:\Users\XPC\Desktop\TallerDigitales\Lab4\cpu2\pipeline\pipeline.xpr
# Log file: C:/Users/XPC/Desktop/TallerDigitales/Lab4/cpu2/pipeline/vivado.log
# Journal file: C:/Users/XPC/Desktop/TallerDigitales/Lab4/cpu2/pipeline\vivado.jou
#-----------------------------------------------------------
start_gui
open_project C:/Users/XPC/Desktop/TallerDigitales/Lab4/cpu2/pipeline/pipeline.xpr
update_compile_order -fileset sources_1
add_files -norecurse {C:/Users/XPC/Desktop/TallerDigitales/Lab4/cpu2/IF_ID.sv C:/Users/XPC/Desktop/TallerDigitales/Lab4/cpu2/IM_IW.sv C:/Users/XPC/Desktop/TallerDigitales/Lab4/cpu2/ID_IE.sv C:/Users/XPC/Desktop/TallerDigitales/Lab4/cpu2/IE_IM.sv}
update_compile_order -fileset sources_1
launch_simulation
source cpu_tb.tcl
add_bp {C:/Users/XPC/Desktop/TallerDigitales/Lab4/cpu2/memoria_instrucciones.sv} 18
close_sim
launch_simulation
source cpu_tb.tcl
close_sim
launch_simulation
source cpu_tb.tcl
close_sim
launch_simulation
source cpu_tb.tcl
close_sim
launch_simulation
source cpu_tb.tcl
close_sim
