#-----------------------------------------------------------
# Vivado v2019.1 (64-bit)
# SW Build 2552052 on Fri May 24 14:49:42 MDT 2019
# IP Build 2548770 on Fri May 24 18:01:18 MDT 2019
# Start of session at: Tue May 13 14:43:19 2025
# Process ID: 23820
# Current directory: C:/Users/Oscar/Desktop/TallerDigitales/Lab2/Eje5/Eje5
# Command line: vivado.exe -gui_launcher_event rodinguilauncherevent25624 C:\Users\Oscar\Desktop\TallerDigitales\Lab2\Eje5\Eje5\Eje5.xpr
# Log file: C:/Users/Oscar/Desktop/TallerDigitales/Lab2/Eje5/Eje5/vivado.log
# Journal file: C:/Users/Oscar/Desktop/TallerDigitales/Lab2/Eje5/Eje5\vivado.jou
#-----------------------------------------------------------
start_gui
open_project C:/Users/Oscar/Desktop/TallerDigitales/Lab2/Eje5/Eje5/Eje5.xpr
update_compile_order -fileset sources_1
add_files -norecurse C:/Users/Oscar/Desktop/TallerDigitales/Lab2/Eje5/Top.sv
update_compile_order -fileset sources_1
launch_simulation
source TopFSM.tcl
close_sim
# Disabling source management mode.  This is to allow the top design properties to be set without GUI intervention.
set_property source_mgmt_mode None [current_project]
set_property top_file C:/Users/Oscar/Desktop/TallerDigitales/Lab2/Eje5/Top.sv [get_filesets sim_1]
# Re-enabling previously disabled source management mode.
set_property source_mgmt_mode All [current_project]
# Disabling source management mode.  This is to allow the top design properties to be set without GUI intervention.
set_property source_mgmt_mode None [current_project]
set_property top TopFSM [current_fileset]
# Re-enabling previously disabled source management mode.
set_property source_mgmt_mode All [current_project]
update_compile_order -fileset sources_1
# Disabling source management mode.  This is to allow the top design properties to be set without GUI intervention.
set_property source_mgmt_mode None [current_project]
set_property top Top_TB [get_filesets sim_1]
set_property top_lib xil_defaultlib [get_filesets sim_1]
# Re-enabling previously disabled source management mode.
set_property source_mgmt_mode All [current_project]
launch_simulation
source Top_TB.tcl
close_sim
launch_simulation
source Top_TB.tcl
close_sim
