#-----------------------------------------------------------
# Vivado v2019.1 (64-bit)
# SW Build 2552052 on Fri May 24 14:49:42 MDT 2019
# IP Build 2548770 on Fri May 24 18:01:18 MDT 2019
# Start of session at: Thu May 22 14:10:26 2025
# Process ID: 28692
# Current directory: C:/Users/Oscar/Desktop/TallerDigitales/Lab2/Eje5/Eje5
# Command line: vivado.exe -gui_launcher_event rodinguilauncherevent3716 C:\Users\Oscar\Desktop\TallerDigitales\Lab2\Eje5\Eje5\Eje5.xpr
# Log file: C:/Users/Oscar/Desktop/TallerDigitales/Lab2/Eje5/Eje5/vivado.log
# Journal file: C:/Users/Oscar/Desktop/TallerDigitales/Lab2/Eje5/Eje5\vivado.jou
#-----------------------------------------------------------
start_gui
open_project C:/Users/Oscar/Desktop/TallerDigitales/Lab2/Eje5/Eje5/Eje5.xpr
update_compile_order -fileset sources_1
launch_simulation
source Top_TB.tcl
reset_run synth_1
launch_runs synth_1 -jobs 4
wait_on_run synth_1
launch_runs impl_1 -jobs 4
wait_on_run impl_1
launch_simulation -mode post-synthesis -type functional
source Top_TB.tcl
launch_simulation -mode post-synthesis -type timing
source Top_TB.tcl
close_sim
current_sim simulation_2
close_sim
close_sim
