#-----------------------------------------------------------
# Vivado v2019.1 (64-bit)
# SW Build 2552052 on Fri May 24 14:49:42 MDT 2019
# IP Build 2548770 on Fri May 24 18:01:18 MDT 2019
# Start of session at: Fri May 30 12:11:51 2025
# Process ID: 24772
# Current directory: C:/Users/XPC/Desktop/TallerDigitales/Lab2/Eje5/Eje5
# Command line: vivado.exe -gui_launcher_event rodinguilauncherevent10196 C:\Users\XPC\Desktop\TallerDigitales\Lab2\Eje5\Eje5\Eje5.xpr
# Log file: C:/Users/XPC/Desktop/TallerDigitales/Lab2/Eje5/Eje5/vivado.log
# Journal file: C:/Users/XPC/Desktop/TallerDigitales/Lab2/Eje5/Eje5\vivado.jou
#-----------------------------------------------------------
start_gui
open_project C:/Users/XPC/Desktop/TallerDigitales/Lab2/Eje5/Eje5/Eje5.xpr
update_compile_order -fileset sources_1
# Disabling source management mode.  This is to allow the top design properties to be set without GUI intervention.
set_property source_mgmt_mode None [current_project]
set_property top TopFSM [current_fileset]
# Re-enabling previously disabled source management mode.
set_property source_mgmt_mode All [current_project]
update_compile_order -fileset sources_1
launch_simulation
add_files -norecurse C:/Users/XPC/Desktop/TallerDigitales/Lab2/Eje5/display.sv
update_compile_order -fileset sources_1
launch_simulation
source Top_TB.tcl
close_sim
launch_simulation
source Top_TB.tcl
close_sim
launch_simulation
source Top_TB.tcl
close_sim
launch_simulation
source Top_TB.tcl
close_sim
launch_simulation
source Top_TB.tcl
close_sim
launch_simulation
source Top_TB.tcl
close_sim
launch_simulation
source Top_TB.tcl
close_sim
