#-----------------------------------------------------------
# Vivado v2024.2 (64-bit)
# SW Build 5239630 on Fri Nov 08 22:35:27 MST 2024
# IP Build 5239520 on Sun Nov 10 16:12:51 MST 2024
# SharedData Build 5239561 on Fri Nov 08 14:39:27 MST 2024
# Start of session at: Thu Mar 13 23:20:40 2025
# Process ID         : 7864
# Current directory  : C:/VivadoProjects/Decodificador/Decodificador.runs/impl_1
# Command line       : vivado.exe -log TOP.vdi -applog -product Vivado -messageDb vivado.pb -mode batch -source TOP.tcl -notrace
# Log file           : C:/VivadoProjects/Decodificador/Decodificador.runs/impl_1/TOP.vdi
# Journal file       : C:/VivadoProjects/Decodificador/Decodificador.runs/impl_1\vivado.jou
# Running On         : JuanPa
# Platform           : Windows Server 2016 or Windows 10
# Operating System   : 26100
# Processor Detail   : AMD Ryzen 5 4500U with Radeon Graphics         
# CPU Frequency      : 2371 MHz
# CPU Physical cores : 6
# CPU Logical cores  : 6
# Host memory        : 7947 MB
# Swap memory        : 9672 MB
# Total Virtual      : 17619 MB
# Available Virtual  : 2365 MB
#-----------------------------------------------------------
source TOP.tcl -notrace
